
> emoji-world@0.1.0 build
> next build

  ▲ Next.js 14.2.35
  - Environments: .env.local

   Creating an optimized production build ...
 ✓ Compiled successfully
   Linting and checking validity of types ...
   Collecting page data ...

> Build error occurred
Error: Page "/api/auth/[...nextauth]" is missing "generateStaticParams()" so it cannot be used with "output: export" config.
    at /Users/kimtaejune/Antigravity-World/app-web-stories/emojiworld-webapp/node_modules/next/dist/build/index.js:1297:59
    at process.processTicksAndRejections (node:internal/process/task_queues:104:5)
    at async Span.traceAsyncFn (/Users/kimtaejune/Antigravity-World/app-web-stories/emojiworld-webapp/node_modules/next/dist/trace/trace.js:154:20)
    at async Promise.all (index 8)
    at async /Users/kimtaejune/Antigravity-World/app-web-stories/emojiworld-webapp/node_modules/next/dist/build/index.js:1175:17
    at async Span.traceAsyncFn (/Users/kimtaejune/Antigravity-World/app-web-stories/emojiworld-webapp/node_modules/next/dist/trace/trace.js:154:20)
    at async /Users/kimtaejune/Antigravity-World/app-web-stories/emojiworld-webapp/node_modules/next/dist/build/index.js:1098:124
    at async Span.traceAsyncFn (/Users/kimtaejune/Antigravity-World/app-web-stories/emojiworld-webapp/node_modules/next/dist/trace/trace.js:154:20)
    at async build (/Users/kimtaejune/Antigravity-World/app-web-stories/emojiworld-webapp/node_modules/next/dist/build/index.js:368:9)
